#-----------------------------------------------------------
# Vivado v2022.2 (64-bit)
# SW Build 3671981 on Fri Oct 14 04:59:54 MDT 2022
# IP Build 3669848 on Fri Oct 14 08:30:02 MDT 2022
# Start of session at: Wed Sep 25 17:04:41 2024
# Process ID: 800007
# Current directory: /home/eliton/ufc/mips_32_bits
# Command line: vivado
# Log file: /home/eliton/ufc/mips_32_bits/vivado.log
# Journal file: /home/eliton/ufc/mips_32_bits/vivado.jou
# Running On: eliton-notebook, OS: Linux, CPU Frequency: 1576.541 MHz, CPU Physical cores: 8, Host memory: 10294 MB
#-----------------------------------------------------------
start_gui
open_project /home/eliton/ufc/mips_32_bits/mips.xpr
update_compile_order -fileset sources_1
launch_simulation
open_wave_config /home/eliton/ufc/mips_32_bits/testbench_behav.wcfg
open_wave_config /home/eliton/ufc/mips_32_bits/ula_tb.wcfg
open_wave_config /home/eliton/ufc/mips_32_bits/datapath_tb.wcfg
source testbench.tcl
relaunch_sim
run 1200 ns
save_wave_config {/home/eliton/ufc/mips_32_bits/testbench_behav.wcfg}
